
> portfolio@0.1.0 build
> prisma generate && next build

node.exe : 
Environment 
variables loaded 
from .env
At C:\Program Files\n
odejs\npm.ps1:29 
char:3
+   & $NODE_EXE 
$NPM_CLI_JS $args
+   ~~~~~~~~~~~~~~~~~
~~~~~~~~~~~~
    + CategoryInfo   
           : NotSpe  
  cified: (Environ   
 ment variables l    
oaded from .env:    
String) [], Remo    
teException
    + FullyQualified 
   ErrorId : Native  
  CommandError
 
Prisma schema loaded from prisma\schema.prisma

Γ£ö Generated Prisma Client (v6.14.0) to .\node_modules\@prisma\client in 102ms

Start by importing your Prisma Client (See: https://pris.ly/d/importing-client)

Tip: Need your database queries to be 1000x faster? Accelerate offers you that and more: https://pris.ly/tip-2-accelerate

Γû▓ Next.js 16.1.6 (Turbopack)
- Environments: .env.local, .env

  Creating an optimized production build ...
Γ£ô Compiled successfully in 19.2s
  Running TypeScript ...
Failed to compile.

./src/app/api/generat
e/route.ts:87:45
Type error: Argument 
of type '{ slug: 
string; title: any; 
content: string; 
excerpt: any; 
coverImage: string; 
author: string; 
publishedAt: null; 
status: string; 
metaDescription: 
any; metaKeywords: 
any; ogImage: 
string; tags: any; 
... 7 more ...; 
ctaClicks: number; 
}' is not assignable 
to parameter of type 
'Omit<{ id: string; 
content: string; 
slug: string; title: 
string; excerpt: 
string | null; 
coverImage: string | 
null; author: 
string; status: 
string; publishedAt: 
Date | null; 
scheduledFor: Date | 
null; ... 13 more 
...; updatedAt: 
Date; }, "id" | ... 
4 more ... | 
"updatedAt">'.
  Property 
'scheduledFor' is 
missing in type '{ 
slug: string; title: 
any; content: 
string; excerpt: 
any; coverImage: 
string; author: 
string; publishedAt: 
null; status: 
string; 
metaDescription: 
any; metaKeywords: 
any; ogImage: 
string; tags: any; 
... 7 more ...; 
ctaClicks: number; 
}' but required in 
type 'Omit<{ id: 
string; content: 
string; slug: 
string; title: 
string; excerpt: 
string | null; 
coverImage: string | 
null; author: 
string; status: 
string; publishedAt: 
Date | null; 
scheduledFor: Date | 
null; ... 13 more 
...; updatedAt: 
Date; }, "id" | ... 
4 more ... | 
"updatedAt">'.

[0m [90m 85 |[39m 
        }[33m;[39m
 [90m 86 |[39m
[31m[1m>[22m[39m
[90m 87 |[39m       
  [36mconst[39m 
postId [33m=[39m 
[36mawait[39m [33m
PostsDB[39m[33m.[3
9mcreate(postData)[3
3m;[39m
 [90m    |[39m     
                     
                   
[31m[1m^[22m[39m
 [90m 88 |[39m
 [90m 89 |[39m     
    [36mreturn[39m 
[33mNextResponse[39
m[33m.[39mjson({
 [90m 90 |[39m     
        
success[33m:[39m [
36mtrue[39m[33m,[3
9m[0m
Next.js build worker 
exited with code: 1 
and signal: null
